>

> OK

> OK
<t>

>

> OK
<t>

> OK
[]

> OK
[]

> OK
[]

> 